---
layout: post
title: "Linux test"
description: "Linux test"
categories: [linux]
tags: [jekyll, linux, lvm, gpt, filesystem]
redirect_from:
  - /2020/12/17/
---

> This is code blocks and highlighting test page for [Simple Texture][Simple Texture] theme.



//This is [a link](https://yizeng.me) to my homepage.
//A [link](https://yizeng.me/blog "Yi Zeng's Blog") can also have a title.
//
//***전체 굵고 기울여서***.
//
//**굴게 _여기만기울여서_ 쓰기**.
//
//*전체 _기울임_ 굵지않게*.
//
//**굵게 __기울임 없이 언더바 표현은 두번__ 굵게**
//
//footnote[^1] / 맨 밑에 [^1]: This is a footnote 로 내용삽입
//
//<kbd>keyboard text</kbd>
//
// `코드`
//
//<ins>밑줄</ins>
//
//_기울임_
//
//<strike>취소선</strike>


* Kramdown table of contents
{:toc .toc}

# ◎ GPT파티션 lvm 만들기

기존 Linux Partition 들은 MSdos label을 기본으로 사용합니다. 
이 방식 때문에 2TB 이상의 Partition을 사용할 수가 없습니다.

또, 각 드라이브당 4개의 Primary Partition(주 파티션) 밖에 사용할수 없기 때문에 Extended Partition으로 생성한 뒤 추가로 생성해야만 했습니다.

물론 OS와 Kernel 버전이 올라가면서 `fdisk` 명령으로도 gpt 파티션을 컨트롤 할수 있게 되는데 아래 내용에서 한번더 얘기하도록 하겠습니다.

이번 Post에서는`gpt( GUID Partition Table )` 를 이용하여 2TB 이상의 파티션을 컨트롤 하고 LVM 생성하는것 까지 진행 해보겠습니다.


# ◎ parted의 사용

먼저 `fdisk`명령으로 Partiton의 상태를 봅니다.

{% highlight javascript linenos=table %}
[bbang01@bbangc ~]$ sudo fdisk -l
WARNING: fdisk GPT support is currently new, and therefore in an experimental phase. Use at your own discretion.

Disk /dev/sda: 19998.4 GB, 19998441472000 bytes, 39059456000 sectors
Units = sectors of 1 * 512 = 512 bytes
Sector size (logical/physical): 512 bytes / 512 bytes
I/O size (minimum/optimal): 512 bytes / 512 bytes
Disk label type: gpt
Disk identifier: B0CF0F54-E3BE-41D8-9606-A71C2E080E38


#         Start          End    Size  Type            Name
 1         2048       411647    200M  EFI System      EFI System Partition
 2       411648      2508799      1G  Microsoft basic
 3      2508800    384194559    182G  Linux LVM

Disk /dev/mapper/centos-root: 53.7 GB, 53687091200 bytes, 104857600 sectors
Units = sectors of 1 * 512 = 512 bytes
Sector size (logical/physical): 512 bytes / 512 bytes
I/O size (minimum/optimal): 512 bytes / 512 bytes


Disk /dev/mapper/centos-swap: 34.4 GB, 34359738368 bytes, 67108864 sectors
Units = sectors of 1 * 512 = 512 bytes
Sector size (logical/physical): 512 bytes / 512 bytes
I/O size (minimum/optimal): 512 bytes / 512 bytes


Disk /dev/mapper/centos-home: 107.4 GB, 107374182400 bytes, 209715200 sectors
Units = sectors of 1 * 512 = 512 bytes
Sector size (logical/physical): 512 bytes / 512 bytes
I/O size (minimum/optimal): 512 bytes / 512 bytes

[bbang01@bbangc ~]$
{% endhighlight %}

여기서 주의깊게 볼곳은 2,4,8 Line 입니다.

> Line.2  WARNING: fdisk GPT support is currently new, and therefore in an experimental phase. Use at your own discretion.
>
> 예전 OS들에서는 WARNING: GPT (GUID Partition Table) detected on '/dev/sda'! The util fdisk doesn`t support GPT. Use GNU Parted.라고 표시되면서 GPT파티션을 지원안했지만
>
> 이제는 지원은 하지만 시험단계이기 때문에 알아서 사용하라는 문구가 뜹니다. 아마 OS가 8버전 후반대 쯤에는 안정적으로 쓸수있지 않을까요?
>
> Line.4  용량이 20TB에 육박하는것을 볼수있습니다. 2TB가 넘는다면 gpt label이 되어야 컨트롤이 가능합니다.
>
> Line.8 Disk label이 gpt 기본으로 설정되어 있습니다.

저희는 현재 안정적인 방법인 `parted`명령으로 실행해 보겠습니다.

먼저 제가 수정할 Partition을 불러옵니다.

~~~~~~~~~~~~~~~~~~ ruby
[bbang01@bbangc ~]$ sudo parted /dev/sda
GNU Parted 3.1
Using /dev/sda
Welcome to GNU Parted! Type 'help' to view a list of commands.
(parted)
~~~~~~~~~~~~~~~~~~

help 명령으로 사용 가능한 명령어를 확인할 수 있습니다.
그리고 `명령어 help` 조합으로 해당 명령어에서 사용 가능한 옵션 및 작성법을 확인할수 있습니다.

~~~~~~~~~~~~~~~~~~ ruby
(parted) help
  align-check TYPE N                        check partition N for TYPE(min|opt) alignment
  help [COMMAND]                           print general help, or help on COMMAND
  mklabel,mktable LABEL-TYPE               create a new disklabel (partition table)
  mkpart PART-TYPE [FS-TYPE] START END     make a partition
  name NUMBER NAME                         name partition NUMBER as NAME
  print [devices|free|list,all|NUMBER]     display the partition table, available devices, free space, all found
        partitions, or a particular partition
  quit                                     exit program
  rescue START END                         rescue a lost partition near START and END

  resizepart NUMBER END                    resize partition NUMBER
  rm NUMBER                                delete partition NUMBER
  select DEVICE                            choose the device to edit
  disk_set FLAG STATE                      change the FLAG on selected device
  disk_toggle [FLAG]                       toggle the state of FLAG on selected device
  set NUMBER FLAG STATE                    change the FLAG on partition NUMBER
  toggle [NUMBER [FLAG]]                   toggle the state of FLAG on partition NUMBER
  unit UNIT                                set the default unit to UNIT
  version                                  display the version number and copyright information of GNU Parted
(parted) 
(parted) 
(parted) 
(parted) help set
  set NUMBER FLAG STATE                    change the FLAG on partition NUMBER

        NUMBER is the partition number used by Linux.  On MS-DOS disk labels, the primary partitions number from 1 to
        4, logical partitions from 5 onwards.
        FLAG is one of: boot, root, swap, hidden, raid, lvm, lba, hp-service, palo, prep, msftres, bios_grub,
        atvrecv, diag, legacy_boot
        STATE is one of: on, off
~~~~~~~~~~~~~~~~~~

이제 파티션 생성을 진행 해줍니다.

{% highlight javascript linenos=table %}
(parted) unit gb		// 설정단위를 GB로 지정
(parted)
(parted) print			// 수정중인 Partition 확인
Model: DELL PERC H730 Mini (scsi)
Disk /dev/sda: 19998GB
Sector size (logical/physical): 512B/512B
Partition Table: gpt
Disk Flags:

Number  Start   End     Size    File system  Name                  Flags
 1      0.00GB  0.21GB  0.21GB  fat16        EFI System Partition  boot
 2      0.21GB  1.28GB  1.07GB  xfs
 3      1.28GB  197GB   195GB                                      lvm


(parted) mkpart 4 197 16384	// 자세한 설명은 아래에서
(parted)
(parted) set 4 lvm on		// 4번 Partiton을 lvm으로 지정
(parted)
(parted) print			// 4번 생성확인
Model: DELL PERC H730 Mini (scsi)
Disk /dev/sda: 19998GB
Sector size (logical/physical): 512B/512B
Partition Table: gpt
Disk Flags:

Number  Start   End      Size     File system  Name                  Flags
 1      0.00GB  0.21GB   0.21GB   fat16        EFI System Partition  boot
 2      0.21GB  1.28GB   1.07GB   xfs
 3      1.28GB  197GB    195GB                                       lvm
 4      197GB   16384GB  16187GB               4                     lvm

(parted)
(parted) quit			// parted 종료
Information: You may need to update /etc/fstab.
{% endhighlight %}

위에서 봤을때 `mkpart 4 197 16384`의 각 Flag들을 자세히 살펴 보겠습니다.

> mkpart => partition 생성 명령어
>
> 4 => Partition Nunber 지정 // gpt는 extended할필요 없이 계속 추가가 가능
>
> 197 => Partition의 시작점 // 3번 Partiton의 End 지점
>
> 16384 => Partition의 끝점 // `총용량=끝점-시작점` 으로 계산

이제 다시 `fdisk`명령으로 봐도

~~~~~~~~~~~~ ruby
[bbang01@bbangc ~]$ sudo fdisk -l
WARNING: fdisk GPT support is currently new, and therefore in an experimental phase. Use at your own discretion.

Disk /dev/sda: 19998.4 GB, 19998441472000 bytes, 39059456000 sectors
Units = sectors of 1 * 512 = 512 bytes
Sector size (logical/physical): 512 bytes / 512 bytes
I/O size (minimum/optimal): 512 bytes / 512 bytes
Disk label type: gpt
Disk identifier: B0CF0F54-E3BE-41D8-9606-A71C2E080E38


#         Start          End    Size  Type            Name
 1         2048       411647    200M  EFI System      EFI System Partition
 2       411648      2508799      1G  Microsoft basic
 3      2508800    384194559    182G  Linux LVM
 4    384194560  31999999999   14.7T  Linux LVM       4
~~~~~~~~~~~~

4번 파티션이 생성된것을 볼수있습니다.

# ◎lvm 생성

lvm 생성은 명령어 위주로 다루고 다른 Post에서 lvm에 대해서 자세하게 설명하도록 하겠습니다.

생성된 Partition을 pv로 만들어줍니다.

~~~~~~~ ruby
[bbang01@bbangc ~]$ sudo pvcreate /dev/sda4
  Physical volume "/dev/sda4" successfully created.
[bbang01@bbangc ~]$
~~~~~~~

> pvcreate => pv생성 명령
>
> /dev/sda4 => pv로 만들 Partition 지정

생성된 pv를 vg로 만들어줍니다.

~~~~~~~~~ ruby
[bbang01@bbangc ~]$ sudo vgcreate virdatavg /dev/sda4
  Volume group "virdatavg" successfully created
[bbang01@bbangc ~]$
~~~~~~~~~

> vgcreate => vg생성 명령
>
> virdatavg => 지정할 vg name
>
> /dev/sda4 => 대상 pv // 여러 pv를 하나의 vg로 묶을경우 띄어쓰기로 구분
>
> ex) vgcreate testvg /dev/sda3 /dev/sda4 /dev/sdb1

생성 용량 확인을 위해서 `vgs` 명령어를 사용해줍니다.

~~~~~~~~~~~~ ruby
[bbang01@bbangc ~]$ sudo vgs
  VG        #PV #LV #SN Attr   VSize   VFree
  centos      1   3   0 wz--n- 182.00g     0
  virdatavg   1   0   0 wz--n-  14.72t 14.72t
[bbang01@bbangc ~]$
~~~~~~~~~~~~

14.72Tb가 여유공간이니 14.7TB를 lv로 생성하겠습니다.

~~~~~~~~~~~~ ruby
[bbang01@bbangc ~]$ sudo lvcreate -n virdatalv -L 14.7t virdatavg
  Rounding up size to full physical extent 14.70 TiB
  Logical volume "virdatalv" created.
[bbang01@bbangc ~]$
~~~~~~~~~~~~

> lvcreate => lv생성 명령
>
> -n virdatalv => -n flag는 lv name 지정
>
> -L 14.7t => -L flag는 lv 용량 직접 지정 // -l 은 pe개수로 용량 지정 // -l 100%FREE는 전체 용량 지정
>
> virdatavg => lv를 생성할 vg 지정

이제 `lvs`로 생성 확인 후 xfs로 포맷해줍니다.

~~~~~~~~~~~~~~~~~~~~~~~~ ruby
[bbang01@bbangc ~]$ sudo lvs
  LV        VG        Attr       LSize   Pool Origin Data%  Meta%  Move Log Cpy%Sync Convert
  home      centos    -wi-ao---- 100.00g
  root      centos    -wi-ao----  50.00g
  swap      centos    -wi-ao----  32.00g
  virdatalv virdatavg -wi-a-----  14.70t
[bbang01@bbangc ~]$
[bbang01@bbangc ~]$ sudo mkfs.xfs -f /dev/virdatavg/virdatalv
meta-data=/dev/virdatavg/virdatalv isize=512    agcount=15, agsize=268435455 blks
         =                       sectsz=512   attr=2, projid32bit=1
         =                       crc=1        finobt=0, sparse=0
data     =                       bsize=4096   blocks=3946001408, imaxpct=5
         =                       sunit=0      swidth=0 blks
naming   =version 2              bsize=4096   ascii-ci=0 ftype=1
log      =internal log           bsize=4096   blocks=521728, version=2
         =                       sectsz=512   sunit=0 blks, lazy-count=1
realtime =none                   extsz=4096   blocks=0, rtextents=0
[bbang01@bbangc ~]$
~~~~~~~~~~~~~~~~~~~~~~~~

이제 마운트될 디렉터리를 만든 뒤 fstab에 등록합니다.

~~~~~~~~~~~~~~~~~~~~~ ruby
[bbang01@bbangc ~]$ sudo mkdir -p /virdata
[bbang01@bbangc ~]$
~~~~~~~~~~~~~~~~~~~~~

{% highlight javascript linenos=table %}
[bbang01@bbangc ~]$ sudo vi /etc/fstab
#
# /etc/fstab
# Created by anaconda on Thu Dec  3 17:45:43 2020
#
# Accessible filesystems, by reference, are maintained under '/dev/disk'
# See man pages fstab(5), findfs(8), mount(8) and/or blkid(8) for more info
#
/dev/mapper/centos-root /                       xfs     defaults        0 0
UUID=848fb364-9422-4f87-a6fd-2eb337687eab /boot                   xfs     defaults        0 0
UUID=5B69-3C10          /boot/efi               vfat    umask=0077,shortname=winnt 0 0
/dev/mapper/centos-home /home                   xfs     defaults        0 0
/dev/mapper/centos-swap swap                    swap    defaults        0 0
/dev/virdatavg/virdatalv        /virdata        xfs     defaults        0 0
~

[bbang01@bbangc ~]$ sudo mount -a
[bbang01@bbangc ~]$
[bbang01@bbangc ~]$
[bbang01@bbangc ~]$ df -Th
Filesystem                      Type      Size  Used Avail Use% Mounted on
devtmpfs                        devtmpfs  189G     0  189G   0% /dev
tmpfs                           tmpfs     189G     0  189G   0% /dev/shm
tmpfs                           tmpfs     189G   11M  189G   1% /run
/dev/mapper/centos-root         xfs        50G  4.4G   46G   9% /
/dev/sda2                       xfs      1014M  224M  791M  23% /boot
/dev/sda1                       vfat      200M   12M  189M   6% /boot/efi
/dev/mapper/centos-home         xfs       100G   33M  100G   1% /home
/dev/mapper/virdatavg-virdatalv xfs        15T   33M   15T   1% /virdata
[bbang01@bbangc ~]$
{% endhighlight %}

`mount -a`로 정상적으로 마운트가 된다면 실제 사용하는데도 문제가 없으니 data를 쌓을수 있습니다. ^^


[^1]: This is a footnote.

[kramdown]: https://kramdown.gettalong.org/
[Simple Texture]: https://github.com/yizeng/jekyll-theme-simple-texture
